------------------------------------------------------------
Timing Analyzer Summary
------------------------------------------------------------

Type  : Slow 1200mV 85C Model Setup 'freq_div:m0|divider[20]'
Slack : -11.804
TNS   : -508.943

Type  : Slow 1200mV 85C Model Setup 'clk'
Slack : -2.024
TNS   : -25.642

Type  : Slow 1200mV 85C Model Hold 'freq_div:m0|divider[20]'
Slack : 0.348
TNS   : 0.000

Type  : Slow 1200mV 85C Model Hold 'clk'
Slack : 0.362
TNS   : 0.000

Type  : Slow 1200mV 85C Model Minimum Pulse Width 'clk'
Slack : -3.000
TNS   : -32.463

Type  : Slow 1200mV 85C Model Minimum Pulse Width 'freq_div:m0|divider[20]'
Slack : -1.403
TNS   : -122.061

Type  : Slow 1200mV 0C Model Setup 'freq_div:m0|divider[20]'
Slack : -10.716
TNS   : -461.183

Type  : Slow 1200mV 0C Model Setup 'clk'
Slack : -1.709
TNS   : -21.225

Type  : Slow 1200mV 0C Model Hold 'freq_div:m0|divider[20]'
Slack : 0.311
TNS   : 0.000

Type  : Slow 1200mV 0C Model Hold 'clk'
Slack : 0.327
TNS   : 0.000

Type  : Slow 1200mV 0C Model Minimum Pulse Width 'clk'
Slack : -3.000
TNS   : -32.463

Type  : Slow 1200mV 0C Model Minimum Pulse Width 'freq_div:m0|divider[20]'
Slack : -1.403
TNS   : -122.061

Type  : Fast 1200mV 0C Model Setup 'freq_div:m0|divider[20]'
Slack : -4.128
TNS   : -169.010

Type  : Fast 1200mV 0C Model Setup 'clk'
Slack : -0.812
TNS   : -1.163

Type  : Fast 1200mV 0C Model Hold 'freq_div:m0|divider[20]'
Slack : 0.152
TNS   : 0.000

Type  : Fast 1200mV 0C Model Hold 'clk'
Slack : 0.155
TNS   : 0.000

Type  : Fast 1200mV 0C Model Minimum Pulse Width 'clk'
Slack : -3.000
TNS   : -24.714

Type  : Fast 1200mV 0C Model Minimum Pulse Width 'freq_div:m0|divider[20]'
Slack : -1.000
TNS   : -87.000

------------------------------------------------------------
