------------------------------------------------------------
Timing Analyzer Summary
------------------------------------------------------------

Type  : Slow 1200mV 85C Model Setup 'clk'
Slack : -2.486
TNS   : -44.203

Type  : Slow 1200mV 85C Model Setup 'sw[0]'
Slack : -1.282
TNS   : -2.013

Type  : Slow 1200mV 85C Model Hold 'clk'
Slack : 0.356
TNS   : 0.000

Type  : Slow 1200mV 85C Model Hold 'sw[0]'
Slack : 0.659
TNS   : 0.000

Type  : Slow 1200mV 85C Model Minimum Pulse Width 'clk'
Slack : -3.000
TNS   : -42.284

Type  : Slow 1200mV 85C Model Minimum Pulse Width 'sw[0]'
Slack : -3.000
TNS   : -7.063

Type  : Slow 1200mV 0C Model Setup 'clk'
Slack : -2.148
TNS   : -36.858

Type  : Slow 1200mV 0C Model Setup 'sw[0]'
Slack : -1.074
TNS   : -1.651

Type  : Slow 1200mV 0C Model Hold 'clk'
Slack : 0.322
TNS   : 0.000

Type  : Slow 1200mV 0C Model Hold 'sw[0]'
Slack : 0.611
TNS   : 0.000

Type  : Slow 1200mV 0C Model Minimum Pulse Width 'clk'
Slack : -3.000
TNS   : -42.284

Type  : Slow 1200mV 0C Model Minimum Pulse Width 'sw[0]'
Slack : -3.000
TNS   : -6.953

Type  : Fast 1200mV 0C Model Setup 'clk'
Slack : -0.611
TNS   : -3.955

Type  : Fast 1200mV 0C Model Setup 'sw[0]'
Slack : 0.078
TNS   : 0.000

Type  : Fast 1200mV 0C Model Hold 'clk'
Slack : 0.152
TNS   : 0.000

Type  : Fast 1200mV 0C Model Hold 'sw[0]'
Slack : 0.257
TNS   : 0.000

Type  : Fast 1200mV 0C Model Minimum Pulse Width 'clk'
Slack : -3.000
TNS   : -32.087

Type  : Fast 1200mV 0C Model Minimum Pulse Width 'sw[0]'
Slack : -3.000
TNS   : -6.816

------------------------------------------------------------
