------------------------------------------------------------
Timing Analyzer Summary
------------------------------------------------------------

Type  : Slow 1200mV 85C Model Setup 'clk'
Slack : -2.092
TNS   : -31.226

Type  : Slow 1200mV 85C Model Setup 'freq_div:f1|divider[23]'
Slack : 0.298
TNS   : 0.000

Type  : Slow 1200mV 85C Model Hold 'clk'
Slack : 0.363
TNS   : 0.000

Type  : Slow 1200mV 85C Model Hold 'freq_div:f1|divider[23]'
Slack : 0.393
TNS   : 0.000

Type  : Slow 1200mV 85C Model Minimum Pulse Width 'clk'
Slack : -3.000
TNS   : -36.672

Type  : Slow 1200mV 85C Model Minimum Pulse Width 'freq_div:f1|divider[23]'
Slack : -1.403
TNS   : -1.403

Type  : Slow 1200mV 0C Model Setup 'clk'
Slack : -1.776
TNS   : -25.945

Type  : Slow 1200mV 0C Model Setup 'freq_div:f1|divider[23]'
Slack : 0.362
TNS   : 0.000

Type  : Slow 1200mV 0C Model Hold 'clk'
Slack : 0.327
TNS   : 0.000

Type  : Slow 1200mV 0C Model Hold 'freq_div:f1|divider[23]'
Slack : 0.355
TNS   : 0.000

Type  : Slow 1200mV 0C Model Minimum Pulse Width 'clk'
Slack : -3.000
TNS   : -36.672

Type  : Slow 1200mV 0C Model Minimum Pulse Width 'freq_div:f1|divider[23]'
Slack : -1.403
TNS   : -1.403

Type  : Fast 1200mV 0C Model Setup 'clk'
Slack : -0.697
TNS   : -1.505

Type  : Fast 1200mV 0C Model Setup 'freq_div:f1|divider[23]'
Slack : 0.694
TNS   : 0.000

Type  : Fast 1200mV 0C Model Hold 'clk'
Slack : 0.155
TNS   : 0.000

Type  : Fast 1200mV 0C Model Hold 'freq_div:f1|divider[23]'
Slack : 0.170
TNS   : 0.000

Type  : Fast 1200mV 0C Model Minimum Pulse Width 'clk'
Slack : -3.000
TNS   : -27.816

Type  : Fast 1200mV 0C Model Minimum Pulse Width 'freq_div:f1|divider[23]'
Slack : -1.000
TNS   : -1.000

------------------------------------------------------------
