Analysis & Synthesis report for traffic_light
Wed Jun 05 09:12:16 2024
Quartus Prime Version 20.1.0 Build 711 06/05/2020 SJ Lite Edition


---------------------
; Table of Contents ;
---------------------
  1. Legal Notice
  2. Analysis & Synthesis Summary
  3. Analysis & Synthesis Settings
  4. Parallel Compilation
  5. Analysis & Synthesis Source Files Read
  6. Analysis & Synthesis Resource Usage Summary
  7. Analysis & Synthesis Resource Utilization by Entity
  8. Registers Removed During Synthesis
  9. General Register Statistics
 10. Inverted Register Statistics
 11. Multiplexer Restructuring Statistics (Restructuring Performed)
 12. Parameter Settings for User Entity Instance: freq_div:m0
 13. Parameter Settings for User Entity Instance: freq_div:m6
 14. Parameter Settings for User Entity Instance: red_green:m7
 15. Post-Synthesis Netlist Statistics for Top Partition
 16. Elapsed Time Per Partition
 17. Analysis & Synthesis Messages



----------------
; Legal Notice ;
----------------
Copyright (C) 2020  Intel Corporation. All rights reserved.
Your use of Intel Corporation's design tools, logic functions 
and other software and tools, and any partner logic 
functions, and any output files from any of the foregoing 
(including device programming or simulation files), and any 
associated documentation or information are expressly subject 
to the terms and conditions of the Intel Program License 
Subscription Agreement, the Intel Quartus Prime License Agreement,
the Intel FPGA IP License Agreement, or other applicable license
agreement, including, without limitation, that your use is for
the sole purpose of programming logic devices manufactured by
Intel and sold by Intel or its authorized distributors.  Please
refer to the applicable agreement for further details, at
https://fpgasoftware.intel.com/eula.



+----------------------------------------------------------------------------------+
; Analysis & Synthesis Summary                                                     ;
+------------------------------------+---------------------------------------------+
; Analysis & Synthesis Status        ; Successful - Wed Jun 05 09:12:16 2024       ;
; Quartus Prime Version              ; 20.1.0 Build 711 06/05/2020 SJ Lite Edition ;
; Revision Name                      ; traffic_light                               ;
; Top-level Entity Name              ; dot_matrix_top                              ;
; Family                             ; MAX 10                                      ;
; Total logic elements               ; 147                                         ;
;     Total combinational functions  ; 147                                         ;
;     Dedicated logic registers      ; 58                                          ;
; Total registers                    ; 58                                          ;
; Total pins                         ; 42                                          ;
; Total virtual pins                 ; 0                                           ;
; Total memory bits                  ; 0                                           ;
; Embedded Multiplier 9-bit elements ; 0                                           ;
; Total PLLs                         ; 0                                           ;
; UFM blocks                         ; 0                                           ;
; ADC blocks                         ; 0                                           ;
+------------------------------------+---------------------------------------------+


+------------------------------------------------------------------------------------------------------------+
; Analysis & Synthesis Settings                                                                              ;
+------------------------------------------------------------------+--------------------+--------------------+
; Option                                                           ; Setting            ; Default Value      ;
+------------------------------------------------------------------+--------------------+--------------------+
; Device                                                           ; 10M50DAF484C7G     ;                    ;
; Top-level entity name                                            ; dot_matrix_top     ; traffic_light      ;
; Family name                                                      ; MAX 10             ; Cyclone V          ;
; Use smart compilation                                            ; Off                ; Off                ;
; Enable parallel Assembler and Timing Analyzer during compilation ; On                 ; On                 ;
; Enable compact report table                                      ; Off                ; Off                ;
; Restructure Multiplexers                                         ; Auto               ; Auto               ;
; Create Debugging Nodes for IP Cores                              ; Off                ; Off                ;
; Preserve fewer node names                                        ; On                 ; On                 ;
; Intel FPGA IP Evaluation Mode                                    ; Enable             ; Enable             ;
; Verilog Version                                                  ; Verilog_2001       ; Verilog_2001       ;
; VHDL Version                                                     ; VHDL_1993          ; VHDL_1993          ;
; State Machine Processing                                         ; Auto               ; Auto               ;
; Safe State Machine                                               ; Off                ; Off                ;
; Extract Verilog State Machines                                   ; On                 ; On                 ;
; Extract VHDL State Machines                                      ; On                 ; On                 ;
; Ignore Verilog initial constructs                                ; Off                ; Off                ;
; Iteration limit for constant Verilog loops                       ; 5000               ; 5000               ;
; Iteration limit for non-constant Verilog loops                   ; 250                ; 250                ;
; Add Pass-Through Logic to Inferred RAMs                          ; On                 ; On                 ;
; Infer RAMs from Raw Logic                                        ; On                 ; On                 ;
; Parallel Synthesis                                               ; On                 ; On                 ;
; DSP Block Balancing                                              ; Auto               ; Auto               ;
; NOT Gate Push-Back                                               ; On                 ; On                 ;
; Power-Up Don't Care                                              ; On                 ; On                 ;
; Remove Redundant Logic Cells                                     ; Off                ; Off                ;
; Remove Duplicate Registers                                       ; On                 ; On                 ;
; Ignore CARRY Buffers                                             ; Off                ; Off                ;
; Ignore CASCADE Buffers                                           ; Off                ; Off                ;
; Ignore GLOBAL Buffers                                            ; Off                ; Off                ;
; Ignore ROW GLOBAL Buffers                                        ; Off                ; Off                ;
; Ignore LCELL Buffers                                             ; Off                ; Off                ;
; Ignore SOFT Buffers                                              ; On                 ; On                 ;
; Limit AHDL Integers to 32 Bits                                   ; Off                ; Off                ;
; Optimization Technique                                           ; Balanced           ; Balanced           ;
; Carry Chain Length                                               ; 70                 ; 70                 ;
; Auto Carry Chains                                                ; On                 ; On                 ;
; Auto Open-Drain Pins                                             ; On                 ; On                 ;
; Perform WYSIWYG Primitive Resynthesis                            ; Off                ; Off                ;
; Auto ROM Replacement                                             ; On                 ; On                 ;
; Auto RAM Replacement                                             ; On                 ; On                 ;
; Auto DSP Block Replacement                                       ; On                 ; On                 ;
; Auto Shift Register Replacement                                  ; Auto               ; Auto               ;
; Allow Shift Register Merging across Hierarchies                  ; Auto               ; Auto               ;
; Auto Clock Enable Replacement                                    ; On                 ; On                 ;
; Strict RAM Replacement                                           ; Off                ; Off                ;
; Allow Synchronous Control Signals                                ; On                 ; On                 ;
; Force Use of Synchronous Clear Signals                           ; Off                ; Off                ;
; Auto RAM Block Balancing                                         ; On                 ; On                 ;
; Auto RAM to Logic Cell Conversion                                ; Off                ; Off                ;
; Auto Resource Sharing                                            ; Off                ; Off                ;
; Allow Any RAM Size For Recognition                               ; Off                ; Off                ;
; Allow Any ROM Size For Recognition                               ; Off                ; Off                ;
; Allow Any Shift Register Size For Recognition                    ; Off                ; Off                ;
; Use LogicLock Constraints during Resource Balancing              ; On                 ; On                 ;
; Ignore translate_off and synthesis_off directives                ; Off                ; Off                ;
; Timing-Driven Synthesis                                          ; On                 ; On                 ;
; Report Parameter Settings                                        ; On                 ; On                 ;
; Report Source Assignments                                        ; On                 ; On                 ;
; Report Connectivity Checks                                       ; On                 ; On                 ;
; Ignore Maximum Fan-Out Assignments                               ; Off                ; Off                ;
; Synchronization Register Chain Length                            ; 2                  ; 2                  ;
; Power Optimization During Synthesis                              ; Normal compilation ; Normal compilation ;
; HDL message level                                                ; Level2             ; Level2             ;
; Suppress Register Optimization Related Messages                  ; Off                ; Off                ;
; Number of Removed Registers Reported in Synthesis Report         ; 5000               ; 5000               ;
; Number of Swept Nodes Reported in Synthesis Report               ; 5000               ; 5000               ;
; Number of Inverted Registers Reported in Synthesis Report        ; 100                ; 100                ;
; Clock MUX Protection                                             ; On                 ; On                 ;
; Auto Gated Clock Conversion                                      ; Off                ; Off                ;
; Block Design Naming                                              ; Auto               ; Auto               ;
; SDC constraint protection                                        ; Off                ; Off                ;
; Synthesis Effort                                                 ; Auto               ; Auto               ;
; Shift Register Replacement - Allow Asynchronous Clear Signal     ; On                 ; On                 ;
; Pre-Mapping Resynthesis Optimization                             ; Off                ; Off                ;
; Analysis & Synthesis Message Level                               ; Medium             ; Medium             ;
; Disable Register Merging Across Hierarchies                      ; Auto               ; Auto               ;
; Resource Aware Inference For Block RAM                           ; On                 ; On                 ;
+------------------------------------------------------------------+--------------------+--------------------+


+------------------------------------------+
; Parallel Compilation                     ;
+----------------------------+-------------+
; Processors                 ; Number      ;
+----------------------------+-------------+
; Number detected on machine ; 8           ;
; Maximum allowed            ; 8           ;
;                            ;             ;
; Average used               ; 1.00        ;
; Maximum used               ; 8           ;
;                            ;             ;
; Usage by Processor         ; % Time Used ;
;     Processor 1            ; 100.0%      ;
;     Processor 2            ;   0.0%      ;
;     Processors 3-8         ;   0.0%      ;
+----------------------------+-------------+


+----------------------------------------------------------------------------------------------------------------------------------+
; Analysis & Synthesis Source Files Read                                                                                           ;
+----------------------------------+-----------------+------------------------+------------------------------------------+---------+
; File Name with User-Entered Path ; Used in Netlist ; File Type              ; File Name with Absolute Path             ; Library ;
+----------------------------------+-----------------+------------------------+------------------------------------------+---------+
; row_sel.v                        ; yes             ; User Verilog HDL File  ; D:/willy/traffic_light/row_sel.v         ;         ;
; pattern.v                        ; yes             ; User Verilog HDL File  ; D:/willy/traffic_light/pattern.v         ;         ;
; pattern2.v                       ; yes             ; User Verilog HDL File  ; D:/willy/traffic_light/pattern2.v        ;         ;
; pattern3.v                       ; yes             ; User Verilog HDL File  ; D:/willy/traffic_light/pattern3.v        ;         ;
; ptn_sel.v                        ; yes             ; User Verilog HDL File  ; D:/willy/traffic_light/ptn_sel.v         ;         ;
; red_green.v                      ; yes             ; User Verilog HDL File  ; D:/willy/traffic_light/red_green.v       ;         ;
; freq_div.v                       ; yes             ; User Verilog HDL File  ; D:/willy/traffic_light/freq_div.v        ;         ;
; dot_matrix_top.v                 ; yes             ; User Verilog HDL File  ; D:/willy/traffic_light/dot_matrix_top.v  ;         ;
; num_to_seg7_0_9.v                ; yes             ; User Verilog HDL File  ; D:/willy/traffic_light/num_to_seg7_0_9.v ;         ;
+----------------------------------+-----------------+------------------------+------------------------------------------+---------+


+---------------------------------------------------------+
; Analysis & Synthesis Resource Usage Summary             ;
+---------------------------------------------+-----------+
; Resource                                    ; Usage     ;
+---------------------------------------------+-----------+
; Estimated Total logic elements              ; 147       ;
;                                             ;           ;
; Total combinational functions               ; 147       ;
; Logic element usage by number of LUT inputs ;           ;
;     -- 4 input functions                    ; 68        ;
;     -- 3 input functions                    ; 24        ;
;     -- <=2 input functions                  ; 55        ;
;                                             ;           ;
; Logic elements by mode                      ;           ;
;     -- normal mode                          ; 103       ;
;     -- arithmetic mode                      ; 44        ;
;                                             ;           ;
; Total registers                             ; 58        ;
;     -- Dedicated logic registers            ; 58        ;
;     -- I/O registers                        ; 0         ;
;                                             ;           ;
; I/O pins                                    ; 42        ;
;                                             ;           ;
; Embedded Multiplier 9-bit elements          ; 0         ;
;                                             ;           ;
; Maximum fan-out node                        ; rst~input ;
; Maximum fan-out                             ; 78        ;
; Total fan-out                               ; 710       ;
; Average fan-out                             ; 2.46      ;
+---------------------------------------------+-----------+


+-------------------------------------------------------------------------------------------------------------------------------------------------------------------------------------------------------------------------------------------------------+
; Analysis & Synthesis Resource Utilization by Entity                                                                                                                                                                                                   ;
+----------------------------+---------------------+---------------------------+-------------+------------+--------------+---------+-----------+------+--------------+------------+------------------------------------+-----------------+--------------+
; Compilation Hierarchy Node ; Combinational ALUTs ; Dedicated Logic Registers ; Memory Bits ; UFM Blocks ; DSP Elements ; DSP 9x9 ; DSP 18x18 ; Pins ; Virtual Pins ; ADC blocks ; Full Hierarchy Name                ; Entity Name     ; Library Name ;
+----------------------------+---------------------+---------------------------+-------------+------------+--------------+---------+-----------+------+--------------+------------+------------------------------------+-----------------+--------------+
; |dot_matrix_top            ; 147 (3)             ; 58 (0)                    ; 0           ; 0          ; 0            ; 0       ; 0         ; 42   ; 0            ; 0          ; |dot_matrix_top                    ; dot_matrix_top  ; work         ;
;    |freq_div:m0|           ; 15 (15)             ; 14 (14)                   ; 0           ; 0          ; 0            ; 0       ; 0         ; 0    ; 0            ; 0          ; |dot_matrix_top|freq_div:m0        ; freq_div        ; work         ;
;    |freq_div:m6|           ; 25 (25)             ; 12 (12)                   ; 0           ; 0          ; 0            ; 0       ; 0         ; 0    ; 0            ; 0          ; |dot_matrix_top|freq_div:m6        ; freq_div        ; work         ;
;    |num_to_seg7_0_9:m8|    ; 7 (7)               ; 0 (0)                     ; 0           ; 0          ; 0            ; 0       ; 0         ; 0    ; 0            ; 0          ; |dot_matrix_top|num_to_seg7_0_9:m8 ; num_to_seg7_0_9 ; work         ;
;    |num_to_seg7_0_9:m9|    ; 7 (7)               ; 0 (0)                     ; 0           ; 0          ; 0            ; 0       ; 0         ; 0    ; 0            ; 0          ; |dot_matrix_top|num_to_seg7_0_9:m9 ; num_to_seg7_0_9 ; work         ;
;    |pattern2:m3|           ; 4 (4)               ; 0 (0)                     ; 0           ; 0          ; 0            ; 0       ; 0         ; 0    ; 0            ; 0          ; |dot_matrix_top|pattern2:m3        ; pattern2        ; work         ;
;    |pattern3:m4|           ; 8 (8)               ; 0 (0)                     ; 0           ; 0          ; 0            ; 0       ; 0         ; 0    ; 0            ; 0          ; |dot_matrix_top|pattern3:m4        ; pattern3        ; work         ;
;    |pattern:m2|            ; 10 (10)             ; 0 (0)                     ; 0           ; 0          ; 0            ; 0       ; 0         ; 0    ; 0            ; 0          ; |dot_matrix_top|pattern:m2         ; pattern         ; work         ;
;    |ptn_sel:m5|            ; 52 (52)             ; 19 (19)                   ; 0           ; 0          ; 0            ; 0       ; 0         ; 0    ; 0            ; 0          ; |dot_matrix_top|ptn_sel:m5         ; ptn_sel         ; work         ;
;    |red_green:m7|          ; 15 (15)             ; 9 (9)                     ; 0           ; 0          ; 0            ; 0       ; 0         ; 0    ; 0            ; 0          ; |dot_matrix_top|red_green:m7       ; red_green       ; work         ;
;    |row_sel:m1|            ; 1 (1)               ; 4 (4)                     ; 0           ; 0          ; 0            ; 0       ; 0         ; 0    ; 0            ; 0          ; |dot_matrix_top|row_sel:m1         ; row_sel         ; work         ;
+----------------------------+---------------------+---------------------------+-------------+------------+--------------+---------+-----------+------+--------------+------------+------------------------------------+-----------------+--------------+
Note: For table entries with two numbers listed, the numbers in parentheses indicate the number of resources of the given type used by the specific entity alone. The numbers listed outside of parentheses indicate the total resources of the given type used by the specific entity and all of its sub-entities in the hierarchy.


+---------------------------------------------------------------------------------+
; Registers Removed During Synthesis                                              ;
+----------------------------------------+----------------------------------------+
; Register name                          ; Reason for Removal                     ;
+----------------------------------------+----------------------------------------+
; ptn_sel:m5|col[0..2,13..15]            ; Stuck at GND due to stuck port data_in ;
; freq_div:m0|divider[0]                 ; Merged with freq_div:m6|divider[0]     ;
; freq_div:m0|divider[1]                 ; Merged with freq_div:m6|divider[1]     ;
; freq_div:m6|divider[2]                 ; Merged with freq_div:m0|divider[2]     ;
; freq_div:m6|divider[3]                 ; Merged with freq_div:m0|divider[3]     ;
; freq_div:m6|divider[4]                 ; Merged with freq_div:m0|divider[4]     ;
; freq_div:m6|divider[5]                 ; Merged with freq_div:m0|divider[5]     ;
; freq_div:m6|divider[6]                 ; Merged with freq_div:m0|divider[6]     ;
; freq_div:m6|divider[7]                 ; Merged with freq_div:m0|divider[7]     ;
; freq_div:m6|divider[8]                 ; Merged with freq_div:m0|divider[8]     ;
; freq_div:m6|divider[9]                 ; Merged with freq_div:m0|divider[9]     ;
; freq_div:m6|divider[10]                ; Merged with freq_div:m0|divider[10]    ;
; freq_div:m6|divider[11]                ; Merged with freq_div:m0|divider[11]    ;
; freq_div:m6|divider[12]                ; Merged with freq_div:m0|divider[12]    ;
; freq_div:m6|divider[13]                ; Merged with freq_div:m0|divider[13]    ;
; freq_div:m6|divider[14]                ; Merged with freq_div:m0|divider[14]    ;
; Total Number of Removed Registers = 21 ;                                        ;
+----------------------------------------+----------------------------------------+


+------------------------------------------------------+
; General Register Statistics                          ;
+----------------------------------------------+-------+
; Statistic                                    ; Value ;
+----------------------------------------------+-------+
; Total registers                              ; 58    ;
; Number of registers using Synchronous Clear  ; 0     ;
; Number of registers using Synchronous Load   ; 0     ;
; Number of registers using Asynchronous Clear ; 58    ;
; Number of registers using Asynchronous Load  ; 0     ;
; Number of registers using Clock Enable       ; 17    ;
; Number of registers using Preset             ; 0     ;
+----------------------------------------------+-------+


+--------------------------------------------------+
; Inverted Register Statistics                     ;
+----------------------------------------+---------+
; Inverted Register                      ; Fan out ;
+----------------------------------------+---------+
; red_green:m7|green_cnt[0]              ; 12      ;
; red_green:m7|green_cnt[3]              ; 9       ;
; Total number of inverted registers = 2 ;         ;
+----------------------------------------+---------+


+---------------------------------------------------------------------------------------------------------------------------------------------------------+
; Multiplexer Restructuring Statistics (Restructuring Performed)                                                                                          ;
+--------------------+-----------+---------------+----------------------+------------------------+------------+-------------------------------------------+
; Multiplexer Inputs ; Bus Width ; Baseline Area ; Area if Restructured ; Saving if Restructured ; Registered ; Example Multiplexer Output                ;
+--------------------+-----------+---------------+----------------------+------------------------+------------+-------------------------------------------+
; 3:1                ; 2 bits    ; 4 LEs         ; 2 LEs                ; 2 LEs                  ; Yes        ; |dot_matrix_top|red_green:m7|green_cnt[2] ;
; 3:1                ; 4 bits    ; 8 LEs         ; 4 LEs                ; 4 LEs                  ; Yes        ; |dot_matrix_top|red_green:m7|red_cnt[3]   ;
; 3:1                ; 2 bits    ; 4 LEs         ; 2 LEs                ; 2 LEs                  ; Yes        ; |dot_matrix_top|red_green:m7|green_cnt[3] ;
; 3:1                ; 2 bits    ; 4 LEs         ; 2 LEs                ; 2 LEs                  ; Yes        ; |dot_matrix_top|ptn_sel:m5|col[3]         ;
; 3:1                ; 6 bits    ; 12 LEs        ; 12 LEs               ; 0 LEs                  ; Yes        ; |dot_matrix_top|ptn_sel:m5|col[11]        ;
+--------------------+-----------+---------------+----------------------+------------------------+------------+-------------------------------------------+


+----------------------------------------------------------+
; Parameter Settings for User Entity Instance: freq_div:m0 ;
+----------------+-------+---------------------------------+
; Parameter Name ; Value ; Type                            ;
+----------------+-------+---------------------------------+
; EXP            ; 16    ; Signed Integer                  ;
+----------------+-------+---------------------------------+
Note: In order to hide this table in the UI and the text report file, please set the "Show Parameter Settings in Synthesis Report" option in "Analysis and Synthesis Settings -> More Settings" to "Off".


+----------------------------------------------------------+
; Parameter Settings for User Entity Instance: freq_div:m6 ;
+----------------+-------+---------------------------------+
; Parameter Name ; Value ; Type                            ;
+----------------+-------+---------------------------------+
; EXP            ; 25    ; Signed Integer                  ;
+----------------+-------+---------------------------------+
Note: In order to hide this table in the UI and the text report file, please set the "Show Parameter Settings in Synthesis Report" option in "Analysis and Synthesis Settings -> More Settings" to "Off".


+-----------------------------------------------------------+
; Parameter Settings for User Entity Instance: red_green:m7 ;
+----------------+-------+----------------------------------+
; Parameter Name ; Value ; Type                             ;
+----------------+-------+----------------------------------+
; GREEN_TIME     ; 1001  ; Unsigned Binary                  ;
; RED_TIME       ; 0101  ; Unsigned Binary                  ;
+----------------+-------+----------------------------------+
Note: In order to hide this table in the UI and the text report file, please set the "Show Parameter Settings in Synthesis Report" option in "Analysis and Synthesis Settings -> More Settings" to "Off".


+-----------------------------------------------------+
; Post-Synthesis Netlist Statistics for Top Partition ;
+-----------------------+-----------------------------+
; Type                  ; Count                       ;
+-----------------------+-----------------------------+
; boundary_port         ; 42                          ;
; cycloneiii_ff         ; 58                          ;
;     CLR               ; 41                          ;
;     ENA CLR           ; 17                          ;
; cycloneiii_lcell_comb ; 161                         ;
;     arith             ; 44                          ;
;         2 data inputs ; 42                          ;
;         3 data inputs ; 2                           ;
;     normal            ; 117                         ;
;         0 data inputs ; 2                           ;
;         1 data inputs ; 17                          ;
;         2 data inputs ; 8                           ;
;         3 data inputs ; 22                          ;
;         4 data inputs ; 68                          ;
;                       ;                             ;
; Max LUT depth         ; 6.30                        ;
; Average LUT depth     ; 2.92                        ;
+-----------------------+-----------------------------+


+-------------------------------+
; Elapsed Time Per Partition    ;
+----------------+--------------+
; Partition Name ; Elapsed Time ;
+----------------+--------------+
; Top            ; 00:00:00     ;
+----------------+--------------+


+-------------------------------+
; Analysis & Synthesis Messages ;
+-------------------------------+
Info: *******************************************************************
Info: Running Quartus Prime Analysis & Synthesis
    Info: Version 20.1.0 Build 711 06/05/2020 SJ Lite Edition
    Info: Processing started: Wed Jun 05 09:12:09 2024
Info: Command: quartus_map --read_settings_files=on --write_settings_files=off traffic_light -c traffic_light
Warning (18236): Number of processors has not been specified which may cause overloading on shared machines.  Set the global assignment NUM_PARALLEL_PROCESSORS in your QSF to an appropriate value for best performance.
Info (20030): Parallel compilation is enabled and will use 8 of the 8 processors detected
Info (12021): Found 1 design units, including 1 entities, in source file row_sel.v
    Info (12023): Found entity 1: row_sel File: D:/willy/traffic_light/row_sel.v Line: 1
Info (12021): Found 1 design units, including 1 entities, in source file pattern.v
    Info (12023): Found entity 1: pattern File: D:/willy/traffic_light/pattern.v Line: 1
Info (12021): Found 1 design units, including 1 entities, in source file pattern2.v
    Info (12023): Found entity 1: pattern2 File: D:/willy/traffic_light/pattern2.v Line: 1
Info (12021): Found 1 design units, including 1 entities, in source file pattern3.v
    Info (12023): Found entity 1: pattern3 File: D:/willy/traffic_light/pattern3.v Line: 1
Info (12021): Found 1 design units, including 1 entities, in source file ptn_sel.v
    Info (12023): Found entity 1: ptn_sel File: D:/willy/traffic_light/ptn_sel.v Line: 1
Info (12021): Found 1 design units, including 1 entities, in source file red_green.v
    Info (12023): Found entity 1: red_green File: D:/willy/traffic_light/red_green.v Line: 1
Info (12021): Found 1 design units, including 1 entities, in source file freq_div.v
    Info (12023): Found entity 1: freq_div File: D:/willy/traffic_light/freq_div.v Line: 1
Info (12021): Found 1 design units, including 1 entities, in source file dot_matrix_top.v
    Info (12023): Found entity 1: dot_matrix_top File: D:/willy/traffic_light/dot_matrix_top.v Line: 1
Info (12021): Found 1 design units, including 1 entities, in source file num_to_seg7_0_9.v
    Info (12023): Found entity 1: num_to_seg7_0_9 File: D:/willy/traffic_light/num_to_seg7_0_9.v Line: 1
Info (12127): Elaborating entity "dot_matrix_top" for the top level hierarchy
Warning (10034): Output port "J11[8]" at dot_matrix_top.v(5) has no driver File: D:/willy/traffic_light/dot_matrix_top.v Line: 5
Warning (10034): Output port "J11[6]" at dot_matrix_top.v(5) has no driver File: D:/willy/traffic_light/dot_matrix_top.v Line: 5
Warning (10034): Output port "J11[4]" at dot_matrix_top.v(5) has no driver File: D:/willy/traffic_light/dot_matrix_top.v Line: 5
Warning (10034): Output port "J11[2]" at dot_matrix_top.v(5) has no driver File: D:/willy/traffic_light/dot_matrix_top.v Line: 5
Info (12128): Elaborating entity "freq_div" for hierarchy "freq_div:m0" File: D:/willy/traffic_light/dot_matrix_top.v Line: 40
Info (12128): Elaborating entity "row_sel" for hierarchy "row_sel:m1" File: D:/willy/traffic_light/dot_matrix_top.v Line: 41
Info (12128): Elaborating entity "pattern" for hierarchy "pattern:m2" File: D:/willy/traffic_light/dot_matrix_top.v Line: 42
Info (12128): Elaborating entity "pattern2" for hierarchy "pattern2:m3" File: D:/willy/traffic_light/dot_matrix_top.v Line: 43
Info (12128): Elaborating entity "pattern3" for hierarchy "pattern3:m4" File: D:/willy/traffic_light/dot_matrix_top.v Line: 44
Info (12128): Elaborating entity "ptn_sel" for hierarchy "ptn_sel:m5" File: D:/willy/traffic_light/dot_matrix_top.v Line: 45
Info (12128): Elaborating entity "freq_div" for hierarchy "freq_div:m6" File: D:/willy/traffic_light/dot_matrix_top.v Line: 47
Info (12128): Elaborating entity "red_green" for hierarchy "red_green:m7" File: D:/willy/traffic_light/dot_matrix_top.v Line: 48
Info (12128): Elaborating entity "num_to_seg7_0_9" for hierarchy "num_to_seg7_0_9:m8" File: D:/willy/traffic_light/dot_matrix_top.v Line: 55
Info (13000): Registers with preset signals will power-up high File: D:/willy/traffic_light/red_green.v Line: 17
Info (13003): DEV_CLRn pin will set, and not reset, register with preset signal due to NOT Gate Push-Back
Warning (13004): Presettable and clearable registers converted to equivalent circuits with latches. Registers power-up to an undefined state, and DEVCLRn places the registers in an undefined state.
    Warning (13310): Register "ptn_sel:m5|col[11]" is converted into an equivalent circuit using register "ptn_sel:m5|col[11]~_emulated" and latch "ptn_sel:m5|col[11]~1" File: D:/willy/traffic_light/ptn_sel.v Line: 18
    Warning (13310): Register "ptn_sel:m5|col[10]" is converted into an equivalent circuit using register "ptn_sel:m5|col[10]~_emulated" and latch "ptn_sel:m5|col[10]~5" File: D:/willy/traffic_light/ptn_sel.v Line: 18
    Warning (13310): Register "ptn_sel:m5|col[9]" is converted into an equivalent circuit using register "ptn_sel:m5|col[9]~_emulated" and latch "ptn_sel:m5|col[9]~9" File: D:/willy/traffic_light/ptn_sel.v Line: 18
    Warning (13310): Register "ptn_sel:m5|col[12]" is converted into an equivalent circuit using register "ptn_sel:m5|col[12]~_emulated" and latch "ptn_sel:m5|col[12]~13" File: D:/willy/traffic_light/ptn_sel.v Line: 18
    Warning (13310): Register "ptn_sel:m5|col[8]" is converted into an equivalent circuit using register "ptn_sel:m5|col[8]~_emulated" and latch "ptn_sel:m5|col[8]~17" File: D:/willy/traffic_light/ptn_sel.v Line: 18
    Warning (13310): Register "ptn_sel:m5|col[7]" is converted into an equivalent circuit using register "ptn_sel:m5|col[7]~_emulated" and latch "ptn_sel:m5|col[7]~21" File: D:/willy/traffic_light/ptn_sel.v Line: 18
    Warning (13310): Register "ptn_sel:m5|col[3]" is converted into an equivalent circuit using register "ptn_sel:m5|col[3]~_emulated" and latch "ptn_sel:m5|col[3]~25" File: D:/willy/traffic_light/ptn_sel.v Line: 18
    Warning (13310): Register "ptn_sel:m5|col[6]" is converted into an equivalent circuit using register "ptn_sel:m5|col[6]~_emulated" and latch "ptn_sel:m5|col[6]~29" File: D:/willy/traffic_light/ptn_sel.v Line: 18
    Warning (13310): Register "ptn_sel:m5|col[5]" is converted into an equivalent circuit using register "ptn_sel:m5|col[5]~_emulated" and latch "ptn_sel:m5|col[5]~33" File: D:/willy/traffic_light/ptn_sel.v Line: 18
    Warning (13310): Register "ptn_sel:m5|col[4]" is converted into an equivalent circuit using register "ptn_sel:m5|col[4]~_emulated" and latch "ptn_sel:m5|col[4]~37" File: D:/willy/traffic_light/ptn_sel.v Line: 18
Warning (13024): Output pins are stuck at VCC or GND
    Warning (13410): Pin "J4[1]" is stuck at VCC File: D:/willy/traffic_light/dot_matrix_top.v Line: 4
    Warning (13410): Pin "J4[3]" is stuck at VCC File: D:/willy/traffic_light/dot_matrix_top.v Line: 4
    Warning (13410): Pin "J4[5]" is stuck at VCC File: D:/willy/traffic_light/dot_matrix_top.v Line: 4
    Warning (13410): Pin "J7[4]" is stuck at VCC File: D:/willy/traffic_light/dot_matrix_top.v Line: 4
    Warning (13410): Pin "J7[6]" is stuck at VCC File: D:/willy/traffic_light/dot_matrix_top.v Line: 4
    Warning (13410): Pin "J7[8]" is stuck at VCC File: D:/willy/traffic_light/dot_matrix_top.v Line: 4
    Warning (13410): Pin "J11[2]" is stuck at GND File: D:/willy/traffic_light/dot_matrix_top.v Line: 5
    Warning (13410): Pin "J11[4]" is stuck at GND File: D:/willy/traffic_light/dot_matrix_top.v Line: 5
    Warning (13410): Pin "J11[6]" is stuck at GND File: D:/willy/traffic_light/dot_matrix_top.v Line: 5
    Warning (13410): Pin "J11[8]" is stuck at GND File: D:/willy/traffic_light/dot_matrix_top.v Line: 5
    Warning (13410): Pin "seg7_5[7]" is stuck at VCC File: D:/willy/traffic_light/dot_matrix_top.v Line: 6
    Warning (13410): Pin "seg7_0[7]" is stuck at VCC File: D:/willy/traffic_light/dot_matrix_top.v Line: 6
Info (286030): Timing-Driven Synthesis is running
Info (16010): Generating hard_block partition "hard_block:auto_generated_inst"
    Info (16011): Adding 0 node(s), including 0 DDIO, 0 PLL, 0 transceiver and 0 LCELL
Info (21057): Implemented 198 device resources after synthesis - the final resource count might be different
    Info (21058): Implemented 2 input pins
    Info (21059): Implemented 40 output pins
    Info (21061): Implemented 156 logic cells
Info: Quartus Prime Analysis & Synthesis was successful. 0 errors, 29 warnings
    Info: Peak virtual memory: 4793 megabytes
    Info: Processing ended: Wed Jun 05 09:12:16 2024
    Info: Elapsed time: 00:00:07
    Info: Total CPU time (on all processors): 00:00:15


